// Jest Snapshot v1, https://goo.gl/fbAQLP

exports[`VisualizationTypeListItem renders Column item 1`] = `
<div>
  <div
    class=""
  >
    <div>
      <svg
        style="width: 48px; height: 48px;"
        viewBox="0 0 48 48"
        xmlns="http://www.w3.org/2000/svg"
      >
        <g
          fill="none"
          fill-rule="evenodd"
        >
          <polygon
            points="0 0 48 0 48 48 0 48"
          />
          <polygon
            fill="#147CD7"
            points="12 12 18 12 18 36 12 36"
          />
          <polygon
            fill="#147CD7"
            points="22 22 28 22 28 36 22 36"
          />
          <polygon
            fill="#147CD7"
            points="32 7 38 7 38 36 32 36"
          />
          <polygon
            fill="#4A5768"
            points="6 6 8 6 8 42 6 42"
          />
          <polygon
            fill="#4A5768"
            points="6 40 42 40 42 42 6 42"
          />
        </g>
      </svg>
    </div>
    <div>
      <p>
        Column Chart
      </p>
      <p>
        A chart that displays data in columns
      </p>
    </div>
  </div>
</div>
`;
